/Users/leisirui/miniforge3/envs/qsar/lib/python3.12/site-packages/torch/jit/_script.py:1491: FutureWarning: `torch.jit.script` is deprecated. Please switch to `torch.compile` or `torch.export`.
  warnings.warn(
/Users/leisirui/qsar-activity-prediction/experiments/../scripts/gnn_03_train_gin.py:114: UserWarning: Converting a tensor with requires_grad=True to a scalar may lead to unexpected behavior.
Consider using tensor.detach() first. (Triggered internally at /Users/runner/work/pytorch/pytorch/torch/csrc/autograd/generated/python_variable_methods.cpp:821.)
  total += float(loss) * len(batch.y)
[egfr_full] sizes=[500, 1000, 2000, 4000, 8000, 9717] seeds=[42, 1, 2] splits=['random', 'scaffold']
[egfr_full/random] pool=9717 valid=1080 test=2700
  n=500 seed=42 RF   R2=0.4302 RMSE=1.0911 (1s)
  n=500 seed=42 GIN  R2=0.3441 RMSE=1.1707 (best epoch 47, 16s)
  n=500 seed=1 RF   R2=0.4332 RMSE=1.0883 (1s)
  n=500 seed=1 GIN  R2=0.3401 RMSE=1.1743 (best epoch 43, 13s)
  n=500 seed=2 RF   R2=0.4298 RMSE=1.0915 (1s)
  n=500 seed=2 GIN  R2=0.3421 RMSE=1.1725 (best epoch 26, 8s)
  n=1000 seed=42 RF   R2=0.5180 RMSE=1.0036 (2s)
  n=1000 seed=42 GIN  R2=0.3829 RMSE=1.1355 (best epoch 69, 25s)
  n=1000 seed=1 RF   R2=0.5197 RMSE=1.0018 (2s)
  n=1000 seed=1 GIN  R2=0.4272 RMSE=1.0940 (best epoch 55, 19s)
  n=1000 seed=2 RF   R2=0.5209 RMSE=1.0006 (2s)
  n=1000 seed=2 GIN  R2=0.4004 RMSE=1.1194 (best epoch 69, 23s)
  n=2000 seed=42 RF   R2=0.5991 RMSE=0.9153 (4s)
  n=2000 seed=42 GIN  R2=0.5204 RMSE=1.0011 (best epoch 93, 43s)
  n=2000 seed=1 RF   R2=0.6165 RMSE=0.8952 (4s)
  n=2000 seed=1 GIN  R2=0.5408 RMSE=0.9796 (best epoch 94, 40s)
  n=2000 seed=2 RF   R2=0.5987 RMSE=0.9157 (4s)
  n=2000 seed=2 GIN  R2=0.5257 RMSE=0.9955 (best epoch 84, 38s)
  n=4000 seed=42 RF   R2=0.6724 RMSE=0.8274 (11s)
  n=4000 seed=42 GIN  R2=0.6202 RMSE=0.8908 (best epoch 88, 74s)
  n=4000 seed=1 RF   R2=0.6718 RMSE=0.8281 (11s)
  n=4000 seed=1 GIN  R2=0.6146 RMSE=0.8974 (best epoch 87, 67s)
  n=4000 seed=2 RF   R2=0.6676 RMSE=0.8334 (11s)
  n=4000 seed=2 GIN  R2=0.6046 RMSE=0.9089 (best epoch 99, 64s)
  n=8000 seed=42 RF   R2=0.7337 RMSE=0.7459 (32s)
  n=8000 seed=42 GIN  R2=0.7080 RMSE=0.7811 (best epoch 89, 118s)
  n=8000 seed=1 RF   R2=0.7354 RMSE=0.7435 (32s)
  n=8000 seed=1 GIN  R2=0.6933 RMSE=0.8005 (best epoch 99, 115s)
  n=8000 seed=2 RF   R2=0.7373 RMSE=0.7409 (32s)
  n=8000 seed=2 GIN  R2=0.6812 RMSE=0.8161 (best epoch 95, 121s)
  n=9717 seed=42 RF   R2=0.7502 RMSE=0.7225 (44s)
  n=9717 seed=42 GIN  R2=0.6965 RMSE=0.7964 (best epoch 88, 135s)
  n=9717 seed=1 RF   R2=0.7502 RMSE=0.7225 (45s)
  n=9717 seed=1 GIN  R2=0.7057 RMSE=0.7842 (best epoch 97, 136s)
  n=9717 seed=2 RF   R2=0.7502 RMSE=0.7225 (44s)
  n=9717 seed=2 GIN  R2=0.7006 RMSE=0.7909 (best epoch 99, 137s)
[egfr_full/scaffold] pool=9706 valid=1079 test=2712
  n=500 seed=42 RF   R2=0.3265 RMSE=1.1444 (1s)
  n=500 seed=42 GIN  R2=0.3303 RMSE=1.1411 (best epoch 35, 7s)
  n=500 seed=1 RF   R2=0.3482 RMSE=1.1257 (1s)
  n=500 seed=1 GIN  R2=0.2876 RMSE=1.1769 (best epoch 53, 9s)
  n=500 seed=2 RF   R2=0.3463 RMSE=1.1274 (1s)
  n=500 seed=2 GIN  R2=0.2880 RMSE=1.1766 (best epoch 39, 7s)
  n=1000 seed=42 RF   R2=0.4615 RMSE=1.0233 (2s)
  n=1000 seed=42 GIN  R2=0.3320 RMSE=1.1397 (best epoch 60, 19s)
  n=1000 seed=1 RF   R2=0.3818 RMSE=1.0963 (2s)
  n=1000 seed=1 GIN  R2=0.2761 RMSE=1.1864 (best epoch 50, 16s)
  n=1000 seed=2 RF   R2=0.4286 RMSE=1.0540 (2s)
  n=1000 seed=2 GIN  R2=0.3104 RMSE=1.1580 (best epoch 63, 19s)
  n=2000 seed=42 RF   R2=0.5122 RMSE=0.9739 (4s)
  n=2000 seed=42 GIN  R2=0.4508 RMSE=1.0334 (best epoch 95, 38s)
  n=2000 seed=1 RF   R2=0.5001 RMSE=0.9859 (4s)
  n=2000 seed=1 GIN  R2=0.4467 RMSE=1.0373 (best epoch 83, 35s)
  n=2000 seed=2 RF   R2=0.4435 RMSE=1.0402 (4s)
  n=2000 seed=2 GIN  R2=0.4153 RMSE=1.0662 (best epoch 79, 35s)
  n=4000 seed=42 RF   R2=0.5415 RMSE=0.9442 (11s)
  n=4000 seed=42 GIN  R2=0.4799 RMSE=1.0056 (best epoch 99, 61s)
  n=4000 seed=1 RF   R2=0.5252 RMSE=0.9608 (11s)
  n=4000 seed=1 GIN  R2=0.4889 RMSE=0.9969 (best epoch 99, 64s)
  n=4000 seed=2 RF   R2=0.5289 RMSE=0.9571 (11s)
  n=4000 seed=2 GIN  R2=0.4752 RMSE=1.0101 (best epoch 93, 62s)
  n=8000 seed=42 RF   R2=0.5659 RMSE=0.9187 (30s)
  n=8000 seed=42 GIN  R2=0.5149 RMSE=0.9712 (best epoch 97, 118s)
  n=8000 seed=1 RF   R2=0.5683 RMSE=0.9162 (30s)
  n=8000 seed=1 GIN  R2=0.4931 RMSE=0.9928 (best epoch 96, 119s)
  n=8000 seed=2 RF   R2=0.5870 RMSE=0.8961 (31s)
  n=8000 seed=2 GIN  R2=0.5471 RMSE=0.9385 (best epoch 100, 125s)
  n=9717: skipped (larger than train pool)
summary -> results/learning_curve/summary_egfr_full.json
figure  -> figures/learning_curve/learning_curve_egfr_full.png
csv     -> results/learning_curve/learning_curve_egfr_full.csv (66 rows)
